[2026-07-01 17:45:50] [TRACE]   [OmnipathR] Reading JSON from `/Users/karim/Library/Caches/OmnipathR/cache.json` (encoding: UTF-8).
[2026-07-01 17:45:50] [TRACE]   [OmnipathR] JSON validation successful: TRUE
[2026-07-01 17:45:50] [INFO]    [OmnipathR] Initialized cache: `/Users/karim/Library/Caches/OmnipathR`.
[2026-07-01 17:45:50] [INFO]    [OmnipathR] Package `OmnipathR` packaged: 2025-12-12 11:10:44 UTC; biocbuild
[2026-07-01 17:45:50] [INFO]    [OmnipathR] Package `OmnipathR` date/publication: 2025-12-11
[2026-07-01 17:45:50] [INFO]    [OmnipathR] Package `OmnipathR` built: R 4.5.2; ; 2025-12-14 16:21:52 UTC; unix
[2026-07-01 17:45:50] [INFO]    [OmnipathR] Package `OmnipathR` version: 3.18.3
[2026-07-01 17:45:50] [INFO]    [OmnipathR] Package `OmnipathR` repository: Bioconductor 3.22
[2026-07-01 17:45:50] [INFO]    [OmnipathR] Session info: [version=R version 4.5.2 (2025-10-31); os=macOS Tahoe 26.5.1; system=aarch64, darwin20; ui=X11; language=(EN); collate=fr_FR.UTF-8; ctype=fr_FR.UTF-8; tz=Europe/Paris; date=2026-07-01; pandoc=3.10 @ /opt/homebrew/bin/ (via rmarkdown); quarto=NA]
[2026-07-01 17:45:51] [INFO]    [OmnipathR] External libraries: [cairo=1.17.6; cairoFT=; pango=1.50.14; png=1.6.44; jpeg=9.5; tiff=LIBTIFF, Version 4.5.0; tcl=8.6.13; curl=8.7.1; zlib=1.2.12; bzlib=1.0.8, 13-Jul-2019; xz=5.6.3; deflate=1.23; PCRE=10.44 2024-06-07; ICU=78.1; TRE=TRE 0.8.0 R_fixes (BSD); iconv=Apple or GNU libiconv 1.11 /Library/Frameworks/R.framework/Versions/4.5-arm64/Resources/lib/libR.dylib; readline=5.2; BLAS=/System/Library/Frameworks/Accelerate.framework/Versions/A/Frameworks/vecLib.framework/Versions/A/libBLAS.dylib; lapack=/Library/Frameworks/R.framework/Versions/4.5-arm64/Resources/lib/libRlapack.dylib; lapack_version=3.12.1]
[2026-07-01 17:45:51] [INFO]    [OmnipathR] Loaded packages: abind 1.4-8(2024-09-12); backports 1.5.0(2024-05-23); Biobase 2.70.0(2025-10-29); BiocGenerics 0.56.0(2025-10-29); BiocParallel 1.44.0(2025-10-29); bit 4.6.0(2025-03-06); bit64 4.6.0-1(2025-01-16); blob 1.3.0(2026-01-14); brio 1.1.5(2024-04-24); bslib 0.11.0(2026-05-16); cachem 1.1.0(2024-05-16); cellranger 1.1.0(2016-07-27); checkmate 2.3.4(2026-02-03); circlize 0.4.18(2026-04-04); cli 3.6.6(2026-04-09); clue 0.3-67(2026-02-18); cluster 2.1.8.2(2026-02-05); codetools 0.2-20(2024-03-31); colorspace 2.1-2(2025-09-22); ComplexHeatmap 2.26.1(2026-01-30); crayon 1.5.3(2024-06-20); crosstalk 1.2.2(2025-08-26); curl 7.0.0(2025-08-19); data.table 1.18.2.1(2026-01-27); DBI 1.3.0(2026-02-25); decoupleR 2.16.0(2025-10-29); DelayedArray 0.36.0(2025-10-29); desc 1.4.3(2023-12-10); DESeq2 1.50.2(2025-11-12); devtools 2.5.2(2026-04-30); digest 0.6.39(2025-11-19); doParallel 1.0.17(2022-02-07); dplyr 1.2.1(2026-04-03); DT 0.34.0(2025-09-02); ellipsis 0.3.3(2026-04-04); evaluate 1.0.5(2025-08-27); farver 2.1.2(2024-05-13); fastmap 1.2.0(2024-05-15); foreach 1.5.2(2022-02-02); fs 2.1.0(2026-04-18); generics 0.1.4(2025-05-09); GenomicRanges 1.62.1(2025-12-08); GetoptLong 1.1.0(2025-11-28); ggplot2 4.0.3(2026-04-22); ggrepel 0.9.8(2026-03-17); GlobalOptions 0.1.3(2025-11-28); glue 1.8.0(2024-09-30); gtable 0.3.6(2024-10-25); hms 1.1.4(2025-10-17); htmltools 0.5.9(2025-12-04); htmlwidgets 1.6.4(2023-12-06); httpuv 1.6.16(2025-04-16); httr 1.4.8(2026-02-13); httr2 1.2.2(2025-12-08); igraph 2.2.2(2026-02-12); IRanges 2.44.0(2025-10-29); iterators 1.0.14(2022-02-05); jquerylib 0.1.4(2021-04-26); jsonlite 2.0.0(2025-03-27); knitr 1.51(2025-12-20); later 1.4.8(2026-03-05); lattice 0.22-9(2026-02-09); lazyeval 0.2.2(2019-03-15); lifecycle 1.0.5(2026-01-08); locfit 1.5-9.12(2025-03-05); logger 0.4.1(2025-09-11); lubridate 1.9.5(2026-02-04); magrittr 2.0.5(2026-04-04); Matrix 1.7-4(2025-08-28); MatrixGenerics 1.22.0(2025-10-29); matrixStats 1.5.0(2025-01-07); memoise 2.0.1(2021-11-26); mime 0.13(2025-03-17); OmnipathR 3.18.3(2025-12-11); otel 0.2.0(2025-08-29); parallelly 1.46.1(2026-01-08); pheatmap 1.0.13(2025-06-05); pillar 1.11.1(2025-09-17); pkgbuild 1.4.8(2025-05-26); pkgconfig 2.0.3(2019-09-22); pkgload 1.5.3(2026-06-15); plotly 4.12.0(2026-01-24); png 0.1-8(2022-11-29); prettyunits 1.2.0(2023-09-24); progress 1.2.3(2023-12-06); promises 1.5.0(2025-11-01); purrr 1.2.2(2026-04-10); R.methodsS3 1.8.2(2022-06-13); R.oo 1.27.1(2025-05-02); R.utils 2.13.0(2025-02-24); R6 2.6.1(2025-02-15); rappdirs 0.3.4(2026-01-17); RColorBrewer 1.1-3(2022-04-03); Rcpp 1.1.1(2026-01-10); readr 2.2.0(2026-02-19); readxl 1.5.0(2026-05-16); rjson 0.2.23(2024-09-16); rlang 1.2.0(2026-04-06); rmarkdown 2.31(2026-03-26); RNAflow 0.11.1(NA); rprojroot 2.1.1(2025-08-26); RSQLite 2.4.6(2026-02-06); rstudioapi 0.18.0(2026-01-16); rvest 1.0.5(2025-08-29); S4Arrays 1.10.1(2025-12-01); S4Vectors 0.48.1(2026-04-04); S7 0.2.1(2025-11-14); sass 0.4.10(2025-04-11); scales 1.4.0(2025-04-24); Seqinfo 1.0.0(2025-10-29); sessioninfo 1.2.3(2025-02-05); shape 1.4.6.1(2024-02-23); shiny 1.14.0(2026-06-21); shinycssloaders 1.1.0(2024-07-30); SparseArray 1.10.9(2026-03-05); stringi 1.8.7(2025-03-27); stringr 1.6.0(2025-11-04); SummarizedExperiment 1.40.0(2025-10-29); testthat 3.3.2(2026-01-11); tibble 3.3.1(2026-01-11); tidyr 1.3.2(2025-12-19); tidyselect 1.2.1(2024-03-11); timechange 0.4.0(2026-01-29); tzdb 0.5.0(2025-03-15); usethis 3.2.1(2025-09-06); vctrs 0.7.1(2026-01-23); viridisLite 0.4.3(2026-02-04); withr 3.0.2(2024-10-28); xfun 0.56(2026-01-18); XML 3.99-0.22(2026-02-10); xml2 1.5.2(2026-01-17); xtable 1.8-8(2026-02-22); XVector 0.50.0(2025-10-29); yaml 2.3.12(2025-12-10); zip 2.3.3(2025-05-13)
[2026-07-01 17:45:51] [INFO]    [OmnipathR] CURL: version: 8.14.1; headers: 8.14.1; ssl_version: LibreSSL/3.3.6 (SecureTransport); libz_version: 1.2.12; libssh_version: NA; libidn_version: NA; host: aarch64-apple-darwin23.6.0; protocols: dict, file, ftp, ftps, gopher, gophers, http, https, imap, imaps, ldap, ldaps, mqtt, pop3, pop3s, rtsp, smb, smbs, smtp, smtps, telnet, tftp, ws, wss; ipv6: TRUE; http2: TRUE; idn: FALSE; url_parser: TRUE
[2026-07-01 17:45:51] [TRACE]   [OmnipathR] Reading JSON from `/Library/Frameworks/R.framework/Versions/4.5-arm64/Resources/library/OmnipathR/db/db_def.json` (encoding: UTF-8).
[2026-07-01 17:45:51] [TRACE]   [OmnipathR] JSON validation successful: TRUE
[2026-07-01 17:45:51] [TRACE]   [OmnipathR] Reading JSON from `/Library/Frameworks/R.framework/Versions/4.5-arm64/Resources/library/OmnipathR/internal/magic_bytes.json` (encoding: UTF-8).
[2026-07-01 17:45:51] [TRACE]   [OmnipathR] JSON validation successful: TRUE
[2026-07-01 17:45:51] [TRACE]   [OmnipathR] Reading JSON from `/Library/Frameworks/R.framework/Versions/4.5-arm64/Resources/library/OmnipathR/internal/urls.json` (encoding: UTF-8).
[2026-07-01 17:45:51] [TRACE]   [OmnipathR] JSON validation successful: TRUE
[2026-07-01 17:45:51] [TRACE]   [OmnipathR] Reading JSON from `/Library/Frameworks/R.framework/Versions/4.5-arm64/Resources/library/OmnipathR/internal/id_types.json` (encoding: UTF-8).
[2026-07-01 17:45:51] [TRACE]   [OmnipathR] JSON validation successful: TRUE
[2026-07-01 17:45:51] [INFO]    [OmnipathR] Loading database `Ensembl and OMA organism names`.
[2026-07-01 17:45:51] [INFO]    [OmnipathR] Looking up in cache `https://www.ensembl.org/info/about/species.html`: key=7332486db7400730697234bad76ca0c8e4d00799, latest version=1.
[2026-07-01 17:45:51] [TRACE]   [OmnipathR] Cache file path: /Users/karim/Library/Caches/OmnipathR/7332486db7400730697234bad76ca0c8e4d00799-1.html
[2026-07-01 17:45:51] [TRACE]   [OmnipathR] Downloading by `generic_downloader`.
[2026-07-01 17:45:51] [TRACE]   [OmnipathR] Looking up in cache: `https://omabrowser.org/All/oma-species.txt`.
[2026-07-01 17:45:51] [TRACE]   [OmnipathR] Loaded data from RDS `/Users/karim/Library/Caches/OmnipathR/30e690cbb55dfc63b5903ab337f34ffc2f4be397-1.rds`.
[2026-07-01 17:45:51] [TRACE]   [OmnipathR] Processing args for OmniPath query
[2026-07-01 17:45:51] [TRACE]   [OmnipathR] Arguments for OmniPath query: [loops=TRUE,organisms=9606,genesymbols=TRUE,query_type=interactions,datasets=collectri]
[2026-07-01 17:45:51] [INFO]    [OmnipathR] Loading database `Ensembl and OMA organism names`.
[2026-07-01 17:45:51] [INFO]    [OmnipathR] Looking up in cache `https://www.ensembl.org/info/about/species.html`: key=7332486db7400730697234bad76ca0c8e4d00799, latest version=1.
[2026-07-01 17:45:51] [TRACE]   [OmnipathR] Cache file path: /Users/karim/Library/Caches/OmnipathR/7332486db7400730697234bad76ca0c8e4d00799-1.html
[2026-07-01 17:45:51] [TRACE]   [OmnipathR] Downloading by `generic_downloader`.
[2026-07-01 17:45:51] [TRACE]   [OmnipathR] Looking up in cache: `https://omabrowser.org/All/oma-species.txt`.
[2026-07-01 17:45:51] [TRACE]   [OmnipathR] Loaded data from RDS `/Users/karim/Library/Caches/OmnipathR/30e690cbb55dfc63b5903ab337f34ffc2f4be397-1.rds`.
[2026-07-01 17:45:51] [WARN]    [OmnipathR] Accessing `collectri` as a static table: this is not the recommended way to access OmniPath data; it is only a backup plan for situations when our server or your computer is experiencing issues.
[2026-07-01 17:45:51] [TRACE]   [OmnipathR] Looking up in cache: `http://no-tls.static.omnipathdb.org/resources/interactions_collectri_9606.tsv.gz`
[2026-07-01 17:45:51] [TRACE]   [OmnipathR] Loaded data from RDS `/Users/karim/Library/Caches/OmnipathR/a2bbed8b281906d09d7cf983d102402e5de5da8c-1.rds`.
[2026-07-01 17:45:51] [INFO]    [OmnipathR] Loaded from cache: `http://no-tls.static.omnipathdb.org/resources/interactions_collectri_9606.tsv.gz`
[2026-07-01 17:45:51] [TRACE]   [OmnipathR] Converting JSON column `evidences` to list.
[2026-07-01 17:45:53] [TRACE]   [OmnipathR] Restricting interaction records to datasets: collectri; and resources: any
